myenv\Scripts\python.exe : Gym has been unmaintained since 2022 and does not support NumPy 2.0 
amongst other critical functionality.
At line:1 char:1
+ myenv\Scripts\python.exe -m unittest discover tests/ > test_output.tx ...
+ ~~~~~~~~~~~~~~~~~~~~~~~~~~~~~~~~~~~~~~~~~~~~~~~~~~~~~~~~~~~~~~~~~~~~~
    + CategoryInfo          : NotSpecified: (Gym has been un... functionality.:String) [], Remot 
   eException
    + FullyQualifiedErrorId : NativeCommandError
 
Please upgrade to Gymnasium, the maintained drop-in replacement of Gym, or contact the authors 
of your software and request that they upgrade.
Users of this version of Gym should be able to simply replace 'import gym' with 'import 
gymnasium as gym' in the vast majority of cases.
See the migration guide at https://gymnasium.farama.org/introduction/migration_guide/ for 
additional information.
...........F...
======================================================================
FAIL: test_physics_balance (test_robustness.TestRobustness.test_physics_balance)
Test that environment physics conserves energy.
----------------------------------------------------------------------
Traceback (most recent call last):
  File "F:\Projects\P2P-RL-Model\tests\test_robustness.py", line 108, in test_physics_balance
    self.assertAlmostEqual(self.env.nodes[0].soc, expected_soc_0, places=4)
AssertionError: np.float64(5.0) != 34.48683298050514 within 4 places 
(np.float64(29.48683298050514) difference)

----------------------------------------------------------------------
Ran 15 tests in 0.149s

FAILED (failures=1)

--- Test: Extreme Shortage ---
Survived Extreme Shortage step.

--- Test: Extreme Surplus ---
Survived Extreme Surplus step.

--- Test: Market Clearing ---
Market Price: 0.15000000000000002
Total Loss reported: 0.00019289368465928648 kW
Node 0 Last Power: 1.0
Node 0 Last Power (Expect 0): 0.0

--- Test: Matching Conservation ---
Net Trades: 2.0, Grid Flow: 2.0
Energy Conserved in Matching.

--- Test: Filter Idempotence ---
Filter is Idempotent.

--- Test: Env Physics Balance ---
